{"level":"info","message":"Hello from acquisition","service":"acquisitions-api","timestamp":"2026-08-02T18:42:44.516Z"}
{"level":"info","message":"::1 - - [02/Aug/2026:18:42:44 +0000] \"GET / HTTP/1.1\" 200 23 \"-\" \"Mozilla/5.0 (Windows NT 10.0; Win64; x64) AppleWebKit/537.36 (KHTML, like Gecko) Chrome/124.0.0.0 Safari/537.36\"","service":"acquisitions-api","timestamp":"2026-08-02T18:42:44.534Z"}
{"level":"info","message":"Hello from acquisition","service":"acquisitions-api","timestamp":"2026-08-03T09:08:22.431Z"}
{"level":"info","message":"::1 - - [03/Aug/2026:09:08:22 +0000] \"GET / HTTP/1.1\" 200 23 \"-\" \"Mozilla/5.0 (Windows NT 10.0; Win64; x64) AppleWebKit/537.36 (KHTML, like Gecko) Chrome/124.0.0.0 Safari/537.36\"","service":"acquisitions-api","timestamp":"2026-08-03T09:08:22.444Z"}
{"level":"info","message":"::1 - - [03/Aug/2026:09:08:23 +0000] \"GET /favicon.ico HTTP/1.1\" 404 150 \"-\" \"Mozilla/5.0 (Windows NT 10.0; Win64; x64) AppleWebKit/537.36 (KHTML, like Gecko) Chrome/124.0.0.0 Safari/537.36\"","service":"acquisitions-api","timestamp":"2026-08-03T09:08:23.441Z"}
{"level":"info","message":"Hello from acquisition","service":"acquisitions-api","timestamp":"2026-08-03T09:08:31.118Z"}
{"level":"info","message":"::1 - - [03/Aug/2026:09:08:31 +0000] \"GET / HTTP/1.1\" 304 - \"-\" \"Mozilla/5.0 (Windows NT 10.0; Win64; x64) AppleWebKit/537.36 (KHTML, like Gecko) Chrome/124.0.0.0 Safari/537.36\"","service":"acquisitions-api","timestamp":"2026-08-03T09:08:31.120Z"}
{"level":"info","message":"Hello from acquisition","service":"acquisitions-api","timestamp":"2026-08-03T09:09:57.425Z"}
{"level":"info","message":"::1 - - [03/Aug/2026:09:09:57 +0000] \"GET / HTTP/1.1\" 200 23 \"-\" \"PostmanRuntime/7.56.0\"","service":"acquisitions-api","timestamp":"2026-08-03T09:09:57.427Z"}
{"level":"info","message":"Hello from acquisition","service":"acquisitions-api","timestamp":"2026-08-03T09:10:55.758Z"}
{"level":"info","message":"::1 - - [03/Aug/2026:09:10:55 +0000] \"GET / HTTP/1.1\" 200 23 \"-\" \"PostmanRuntime/7.56.0\"","service":"acquisitions-api","timestamp":"2026-08-03T09:10:55.759Z"}
{"level":"info","message":"::1 - - [03/Aug/2026:09:11:44 +0000] \"GET /api HTTP/1.1\" 200 40 \"-\" \"PostmanRuntime/7.56.0\"","service":"acquisitions-api","timestamp":"2026-08-03T09:11:44.771Z"}
{"level":"info","message":"::1 - - [03/Aug/2026:09:12:05 +0000] \"GET /health HTTP/1.1\" 200 75 \"-\" \"PostmanRuntime/7.56.0\"","service":"acquisitions-api","timestamp":"2026-08-03T09:12:05.868Z"}
{"level":"info","message":"::1 - - [03/Aug/2026:09:13:25 +0000] \"POST /api/auth/signin HTTP/1.1\" 200 31 \"-\" \"PostmanRuntime/7.56.0\"","service":"acquisitions-api","timestamp":"2026-08-03T09:13:25.175Z"}
{"level":"info","message":"::1 - - [03/Aug/2026:11:07:10 +0000] \"POST /api/auth/sign-up HTTP/1.1\" 400 92 \"-\" \"PostmanRuntime/7.56.0\"","service":"acquisitions-api","timestamp":"2026-08-03T11:07:10.648Z"}
{"level":"info","message":"::1 - - [03/Aug/2026:11:10:43 +0000] \"POST /api/auth/sign-up HTTP/1.1\" 400 92 \"-\" \"PostmanRuntime/7.56.0\"","service":"acquisitions-api","timestamp":"2026-08-03T11:10:43.743Z"}
{"level":"info","message":"::1 - - [03/Aug/2026:11:11:27 +0000] \"POST /api/auth/sign-up HTTP/1.1\" 400 92 \"-\" \"PostmanRuntime/7.56.0\"","service":"acquisitions-api","timestamp":"2026-08-03T11:11:27.145Z"}
{"level":"info","message":"::1 - - [03/Aug/2026:11:13:02 +0000] \"POST /api/auth/sign-up HTTP/1.1\" 400 92 \"-\" \"PostmanRuntime/7.56.0\"","service":"acquisitions-api","timestamp":"2026-08-03T11:13:02.684Z"}
{"level":"info","message":"::1 - - [03/Aug/2026:11:13:14 +0000] \"POST /api/auth/sign-up HTTP/1.1\" 400 92 \"-\" \"PostmanRuntime/7.56.0\"","service":"acquisitions-api","timestamp":"2026-08-03T11:13:14.404Z"}
{"level":"info","message":"::1 - - [03/Aug/2026:11:13:25 +0000] \"POST /api/auth/sign-up HTTP/1.1\" 400 92 \"-\" \"PostmanRuntime/7.56.0\"","service":"acquisitions-api","timestamp":"2026-08-03T11:13:25.305Z"}
{"level":"info","message":"User signed up successfully: huythanh@gmail.com","service":"acquisitions-api","timestamp":"2026-08-03T11:14:19.802Z"}
{"level":"info","message":"::1 - - [03/Aug/2026:11:14:19 +0000] \"POST /api/auth/sign-up HTTP/1.1\" 201 114 \"-\" \"PostmanRuntime/7.56.0\"","service":"acquisitions-api","timestamp":"2026-08-03T11:14:19.803Z"}
{"level":"info","message":"User with email: huythanh123@gmail.com created successfully","service":"acquisitions-api","timestamp":"2026-08-03T17:31:23.512Z"}
{"level":"info","message":"User signed up successfully: huythanh123@gmail.com","service":"acquisitions-api","timestamp":"2026-08-03T17:31:23.518Z"}
{"level":"info","message":"::1 - - [03/Aug/2026:17:31:23 +0000] \"POST /api/auth/sign-up HTTP/1.1\" 201 122 \"-\" \"PostmanRuntime/7.56.0\"","service":"acquisitions-api","timestamp":"2026-08-03T17:31:23.522Z"}
{"level":"error","message":"Error creating user: User with this email already exists","service":"acquisitions-api","stack":"Error: User with this email already exists\n    at createUser (file:///D:/devopspractice/acquisitions/src/services/auth.service.js:27:13)\n    at process.processTicksAndRejections (node:internal/process/task_queues:105:5)\n    at async signup (file:///D:/devopspractice/acquisitions/src/controllers/auth.controller.js:21:18)","timestamp":"2026-08-03T17:31:28.407Z"}
{"level":"error","message":"Error in signup controller: User with this email already exists","service":"acquisitions-api","stack":"Error: User with this email already exists\n    at createUser (file:///D:/devopspractice/acquisitions/src/services/auth.service.js:27:13)\n    at process.processTicksAndRejections (node:internal/process/task_queues:105:5)\n    at async signup (file:///D:/devopspractice/acquisitions/src/controllers/auth.controller.js:21:18)","timestamp":"2026-08-03T17:31:28.408Z"}
{"level":"info","message":"::1 - - [03/Aug/2026:17:31:28 +0000] \"POST /api/auth/sign-up HTTP/1.1\" 409 47 \"-\" \"PostmanRuntime/7.56.0\"","service":"acquisitions-api","timestamp":"2026-08-03T17:31:28.409Z"}
{"level":"info","message":"User with email: huythanh1234@gmail.com created successfully","service":"acquisitions-api","timestamp":"2026-08-03T17:31:35.616Z"}
{"level":"info","message":"User signed up successfully: huythanh1234@gmail.com","service":"acquisitions-api","timestamp":"2026-08-03T17:31:35.619Z"}
{"level":"info","message":"::1 - - [03/Aug/2026:17:31:35 +0000] \"POST /api/auth/sign-up HTTP/1.1\" 201 126 \"-\" \"PostmanRuntime/7.56.0\"","service":"acquisitions-api","timestamp":"2026-08-03T17:31:35.621Z"}
{"ip":"::1","level":"warn","message":"Bot request blocked","path":"/health","service":"acquisitions-api","timestamp":"2026-08-04T06:42:15.327Z","userAgent":"PostmanRuntime/7.56.0"}
{"level":"info","message":"::1 - - [04/Aug/2026:06:42:15 +0000] \"GET /health HTTP/1.1\" 403 68 \"-\" \"PostmanRuntime/7.56.0\"","service":"acquisitions-api","timestamp":"2026-08-04T06:42:15.334Z"}
{"ip":"::1","level":"warn","message":"Bot request blocked","path":"/health","service":"acquisitions-api","timestamp":"2026-08-04T06:42:24.468Z","userAgent":"PostmanRuntime/7.56.0"}
{"level":"info","message":"::1 - - [04/Aug/2026:06:42:24 +0000] \"GET /health HTTP/1.1\" 403 68 \"-\" \"PostmanRuntime/7.56.0\"","service":"acquisitions-api","timestamp":"2026-08-04T06:42:24.475Z"}
{"ip":"::1","level":"warn","message":"Bot request blocked","path":"/health","service":"acquisitions-api","timestamp":"2026-08-04T06:43:02.623Z","userAgent":"PostmanRuntime/7.56.0"}
{"level":"info","message":"::1 - - [04/Aug/2026:06:43:02 +0000] \"GET /health HTTP/1.1\" 403 68 \"-\" \"PostmanRuntime/7.56.0\"","service":"acquisitions-api","timestamp":"2026-08-04T06:43:02.624Z"}
{"ip":"::1","level":"warn","message":"Bot request blocked","path":"/health","service":"acquisitions-api","timestamp":"2026-08-04T06:43:04.223Z","userAgent":"PostmanRuntime/7.56.0"}
{"level":"info","message":"::1 - - [04/Aug/2026:06:43:04 +0000] \"GET /health HTTP/1.1\" 403 68 \"-\" \"PostmanRuntime/7.56.0\"","service":"acquisitions-api","timestamp":"2026-08-04T06:43:04.224Z"}
{"ip":"::1","level":"warn","message":"Bot request blocked","path":"/health","service":"acquisitions-api","timestamp":"2026-08-04T06:43:05.747Z","userAgent":"PostmanRuntime/7.56.0"}
{"level":"info","message":"::1 - - [04/Aug/2026:06:43:05 +0000] \"GET /health HTTP/1.1\" 403 68 \"-\" \"PostmanRuntime/7.56.0\"","service":"acquisitions-api","timestamp":"2026-08-04T06:43:05.748Z"}
{"ip":"::1","level":"warn","message":"Bot request blocked","path":"/health","service":"acquisitions-api","timestamp":"2026-08-04T06:43:06.584Z","userAgent":"PostmanRuntime/7.56.0"}
{"level":"info","message":"::1 - - [04/Aug/2026:06:43:06 +0000] \"GET /health HTTP/1.1\" 403 68 \"-\" \"PostmanRuntime/7.56.0\"","service":"acquisitions-api","timestamp":"2026-08-04T06:43:06.585Z"}
{"ip":"::1","level":"warn","message":"Bot request blocked","path":"/health","service":"acquisitions-api","timestamp":"2026-08-04T06:45:27.826Z","userAgent":"PostmanRuntime/7.56.0"}
{"level":"info","message":"::1 - - [04/Aug/2026:06:45:27 +0000] \"GET /health HTTP/1.1\" 403 68 \"-\" \"PostmanRuntime/7.56.0\"","service":"acquisitions-api","timestamp":"2026-08-04T06:45:27.832Z"}
{"ip":"::1","level":"warn","message":"Bot request blocked","path":"/health","service":"acquisitions-api","timestamp":"2026-08-04T06:45:29.393Z","userAgent":"PostmanRuntime/7.56.0"}
{"level":"info","message":"::1 - - [04/Aug/2026:06:45:29 +0000] \"GET /health HTTP/1.1\" 403 68 \"-\" \"PostmanRuntime/7.56.0\"","service":"acquisitions-api","timestamp":"2026-08-04T06:45:29.395Z"}
{"ip":"::1","level":"warn","message":"Bot request blocked","path":"/health","service":"acquisitions-api","timestamp":"2026-08-04T06:45:30.451Z","userAgent":"PostmanRuntime/7.56.0"}
{"level":"info","message":"::1 - - [04/Aug/2026:06:45:30 +0000] \"GET /health HTTP/1.1\" 403 68 \"-\" \"PostmanRuntime/7.56.0\"","service":"acquisitions-api","timestamp":"2026-08-04T06:45:30.452Z"}
{"level":"info","message":"::1 - - [04/Aug/2026:06:47:40 +0000] \"GET /health HTTP/1.1\" 200 73 \"-\" \"PostmanRuntime/7.56.0\"","service":"acquisitions-api","timestamp":"2026-08-04T06:47:40.523Z"}
{"level":"info","message":"::1 - - [04/Aug/2026:06:47:42 +0000] \"GET /health HTTP/1.1\" 200 73 \"-\" \"PostmanRuntime/7.56.0\"","service":"acquisitions-api","timestamp":"2026-08-04T06:47:42.248Z"}
{"level":"info","message":"::1 - - [04/Aug/2026:06:47:43 +0000] \"GET /health HTTP/1.1\" 200 73 \"-\" \"PostmanRuntime/7.56.0\"","service":"acquisitions-api","timestamp":"2026-08-04T06:47:43.242Z"}
{"level":"info","message":"::1 - - [04/Aug/2026:06:47:44 +0000] \"GET /health HTTP/1.1\" 200 73 \"-\" \"PostmanRuntime/7.56.0\"","service":"acquisitions-api","timestamp":"2026-08-04T06:47:44.137Z"}
{"level":"info","message":"::1 - - [04/Aug/2026:06:47:45 +0000] \"GET /health HTTP/1.1\" 200 73 \"-\" \"PostmanRuntime/7.56.0\"","service":"acquisitions-api","timestamp":"2026-08-04T06:47:45.016Z"}
{"ip":"::1","level":"warn","message":"Rate limit exceeded","path":"/health","service":"acquisitions-api","timestamp":"2026-08-04T06:47:45.916Z","userAgent":"PostmanRuntime/7.56.0"}
{"level":"info","message":"::1 - - [04/Aug/2026:06:47:45 +0000] \"GET /health HTTP/1.1\" 429 97 \"-\" \"PostmanRuntime/7.56.0\"","service":"acquisitions-api","timestamp":"2026-08-04T06:47:45.917Z"}
{"ip":"::1","level":"warn","message":"Rate limit exceeded","path":"/health","service":"acquisitions-api","timestamp":"2026-08-04T06:47:47.375Z","userAgent":"PostmanRuntime/7.56.0"}
{"level":"info","message":"::1 - - [04/Aug/2026:06:47:47 +0000] \"GET /health HTTP/1.1\" 429 97 \"-\" \"PostmanRuntime/7.56.0\"","service":"acquisitions-api","timestamp":"2026-08-04T06:47:47.376Z"}
{"level":"info","message":"::1 - - [04/Aug/2026:06:50:13 +0000] \"GET /health HTTP/1.1\" 200 73 \"-\" \"PostmanRuntime/7.56.0\"","service":"acquisitions-api","timestamp":"2026-08-04T06:50:13.210Z"}
{"level":"info","message":"::1 - - [04/Aug/2026:06:50:14 +0000] \"GET /health HTTP/1.1\" 200 73 \"-\" \"PostmanRuntime/7.56.0\"","service":"acquisitions-api","timestamp":"2026-08-04T06:50:14.931Z"}
{"level":"info","message":"::1 - - [04/Aug/2026:06:50:15 +0000] \"GET /health HTTP/1.1\" 200 73 \"-\" \"PostmanRuntime/7.56.0\"","service":"acquisitions-api","timestamp":"2026-08-04T06:50:15.963Z"}
{"level":"info","message":"::1 - - [04/Aug/2026:06:50:16 +0000] \"GET /health HTTP/1.1\" 200 73 \"-\" \"PostmanRuntime/7.56.0\"","service":"acquisitions-api","timestamp":"2026-08-04T06:50:16.912Z"}
{"level":"info","message":"::1 - - [04/Aug/2026:06:50:17 +0000] \"GET /health HTTP/1.1\" 200 73 \"-\" \"PostmanRuntime/7.56.0\"","service":"acquisitions-api","timestamp":"2026-08-04T06:50:17.791Z"}
{"ip":"::1","level":"warn","message":"Rate limit exceeded","path":"/health","service":"acquisitions-api","timestamp":"2026-08-04T06:50:18.652Z","userAgent":"PostmanRuntime/7.56.0"}
{"level":"info","message":"::1 - - [04/Aug/2026:06:50:18 +0000] \"GET /health HTTP/1.1\" 429 97 \"-\" \"PostmanRuntime/7.56.0\"","service":"acquisitions-api","timestamp":"2026-08-04T06:50:18.654Z"}
{"ip":"::1","level":"warn","message":"Rate limit exceeded","path":"/health","service":"acquisitions-api","timestamp":"2026-08-04T06:50:19.672Z","userAgent":"PostmanRuntime/7.56.0"}
{"level":"info","message":"::1 - - [04/Aug/2026:06:50:19 +0000] \"GET /health HTTP/1.1\" 429 97 \"-\" \"PostmanRuntime/7.56.0\"","service":"acquisitions-api","timestamp":"2026-08-04T06:50:19.674Z"}
{"ip":"::1","level":"warn","message":"Rate limit exceeded","path":"/health","service":"acquisitions-api","timestamp":"2026-08-04T06:50:20.530Z","userAgent":"PostmanRuntime/7.56.0"}
{"level":"info","message":"::1 - - [04/Aug/2026:06:50:20 +0000] \"GET /health HTTP/1.1\" 429 97 \"-\" \"PostmanRuntime/7.56.0\"","service":"acquisitions-api","timestamp":"2026-08-04T06:50:20.531Z"}
